../Drivers/Unity-master/src/unity.c:77:13:UnityPrintChar	16	static
../Drivers/Unity-master/src/unity.c:127:6:UnityPrint	24	static
../Drivers/Unity-master/src/unity.c:149:6:UnityPrintLen	24	static
../Drivers/Unity-master/src/unity.c:187:6:UnityPrintNumberByStyle	16	static
../Drivers/Unity-master/src/unity.c:238:6:UnityPrintNumber	24	static
../Drivers/Unity-master/src/unity.c:253:6:UnityPrintNumberUnsigned	24	static
../Drivers/Unity-master/src/unity.c:272:6:UnityPrintNumberHex	24	static
../Drivers/Unity-master/src/unity.c:298:6:UnityPrintMask	24	static
../Drivers/Unity-master/src/unity.c:333:6:UnityPrintFloat	80	static
../Drivers/Unity-master/src/unity.c:494:13:UnityTestResultsBegin	16	static
../Drivers/Unity-master/src/unity.c:537:13:UnityTestResultsFailBegin	16	static
../Drivers/Unity-master/src/unity.c:545:6:UnityConcludeTest	8	static
../Drivers/Unity-master/src/unity.c:569:13:UnityAddMsgIfSpecified	16	static
../Drivers/Unity-master/src/unity.c:596:13:UnityPrintExpectedAndActualStrings	16	static
../Drivers/Unity-master/src/unity.c:623:13:UnityPrintExpectedAndActualStringsLen	24	static
../Drivers/Unity-master/src/unity.c:656:12:UnityIsOneArrayNull	24	static
../Drivers/Unity-master/src/unity.c:690:6:UnityAssertBits	24	static
../Drivers/Unity-master/src/unity.c:711:6:UnityAssertEqualNumber	24	static
../Drivers/Unity-master/src/unity.c:732:6:UnityAssertGreaterOrLessOrEqualNumber	32	static
../Drivers/Unity-master/src/unity.c:780:6:UnityAssertEqualIntArray	48	static
../Drivers/Unity-master/src/unity.c:925:12:UnityFloatsWithin	40	static
../Drivers/Unity-master/src/unity.c:932:6:UnityAssertWithinFloatArray	56	static
../Drivers/Unity-master/src/unity.c:1012:6:UnityAssertFloatsWithin	24	static
../Drivers/Unity-master/src/unity.c:1031:6:UnityAssertFloatsNotWithin	24	static
../Drivers/Unity-master/src/unity.c:1052:6:UnityAssertGreaterOrLessFloat	40	static
../Drivers/Unity-master/src/unity.c:1085:6:UnityAssertFloatSpecial	64	static
../Drivers/Unity-master/src/unity.c:1379:6:UnityAssertNumbersWithin	24	static
../Drivers/Unity-master/src/unity.c:1426:6:UnityAssertNumbersArrayWithin	48	static
../Drivers/Unity-master/src/unity.c:1590:6:UnityAssertEqualString	32	static
../Drivers/Unity-master/src/unity.c:1629:6:UnityAssertEqualStringLen	32	static
../Drivers/Unity-master/src/unity.c:1669:6:UnityAssertEqualStringArray	40	static
../Drivers/Unity-master/src/unity.c:1752:6:UnityAssertEqualMemory	40	static
../Drivers/Unity-master/src/unity.c:1841:20:UnityNumToPtr	16	static
../Drivers/Unity-master/src/unity.c:1867:20:UnityFloatToPtr	16	static
../Drivers/Unity-master/src/unity.c:2123:6:UnityFail	16	static
../Drivers/Unity-master/src/unity.c:2160:6:UnityIgnore	16	static
../Drivers/Unity-master/src/unity.c:2176:6:UnityMessage	16	static
../Drivers/Unity-master/src/unity.c:2192:6:UnityDefaultTestRun	24	static
../Drivers/Unity-master/src/unity.c:2214:6:UnitySetTestFile	16	static
../Drivers/Unity-master/src/unity.c:2220:6:UnityBegin	16	static
../Drivers/Unity-master/src/unity.c:2236:5:UnityEnd	8	static
