../Drivers/Unity-master/extras/fixture/src/unity_fixture.c:18:6:setUp	4	static
../Drivers/Unity-master/extras/fixture/src/unity_fixture.c:19:6:tearDown	4	static
../Drivers/Unity-master/extras/fixture/src/unity_fixture.c:21:13:announceTestRun	16	static
../Drivers/Unity-master/extras/fixture/src/unity_fixture.c:30:5:UnityMain	32	static
../Drivers/Unity-master/extras/fixture/src/unity_fixture.c:49:12:selected	16	static
../Drivers/Unity-master/extras/fixture/src/unity_fixture.c:56:12:testSelected	16	static
../Drivers/Unity-master/extras/fixture/src/unity_fixture.c:61:12:groupSelected	16	static
../Drivers/Unity-master/extras/fixture/src/unity_fixture.c:66:6:UnityTestRunner	24	static
../Drivers/Unity-master/extras/fixture/src/unity_fixture.c:118:6:UnityIgnoreTest	24	static
../Drivers/Unity-master/extras/fixture/src/unity_fixture.c:151:6:UnityPointer_Init	4	static
../Drivers/Unity-master/extras/fixture/src/unity_fixture.c:156:6:UnityPointer_Set	24	static
../Drivers/Unity-master/extras/fixture/src/unity_fixture.c:171:6:UnityPointer_UndoAllSets	4	static
../Drivers/Unity-master/extras/fixture/src/unity_fixture.c:181:5:UnityGetCommandLineOptions	24	static
../Drivers/Unity-master/extras/fixture/src/unity_fixture.c:284:6:UnityConcludeFixtureTest	8	static
